// Vitest Snapshot v1, https://vitest.dev/guide/snapshot.html

exports[`Sidebar Component > renders without crashing 1`] = `
<div>
  <div
    class="MuiSheet-root MuiSheet-variantPlain MuiSheet-colorNeutral Sidebar css-99mksk-JoySheet-root"
  >
    <div
      class="Sidebar-overlay MuiBox-root css-ue4spe"
    />
    <div
      class="MuiBox-root css-1lekzkb"
    >
      <div
        class="MuiBox-root css-1c1kq07"
      >
        <button
          class="MuiIconButton-root MuiIconButton-variantSoft MuiIconButton-colorPrimary MuiIconButton-sizeSm css-dscaku-JoyIconButton-root"
          type="button"
        >
          <svg
            aria-hidden="true"
            class="MuiSvgIcon-root MuiSvgIcon-fontSizeMedium css-15mrjvf-MuiSvgIcon-root"
            data-testid="BrightnessAutoRoundedIcon"
            focusable="false"
            viewBox="0 0 24 24"
          >
            <path
              d="M10.85 12.65h2.3L12 9zM20 8.69V6c0-1.1-.9-2-2-2h-2.69l-1.9-1.9c-.78-.78-2.05-.78-2.83 0L8.69 4H6c-1.1 0-2 .9-2 2v2.69l-1.9 1.9c-.78.78-.78 2.05 0 2.83l1.9 1.9V18c0 1.1.9 2 2 2h2.69l1.9 1.9c.78.78 2.05.78 2.83 0l1.9-1.9H18c1.1 0 2-.9 2-2v-2.69l1.9-1.9c.78-.78.78-2.05 0-2.83zm-5.91 6.71L13.6 14h-3.2l-.49 1.4c-.13.36-.46.6-.84.6-.62 0-1.05-.61-.84-1.19l2.44-6.86c.2-.57.73-.95 1.33-.95s1.13.38 1.34.94l2.44 6.86c.21.58-.22 1.19-.84 1.19-.39.01-.72-.23-.85-.59"
            />
          </svg>
        </button>
        <p
          class="MuiTypography-root MuiTypography-title-lg css-ar9ysw-JoyTypography-root"
        >
          Social Media
        </p>
      </div>
      <button
        class="MuiIconButton-root MuiIconButton-variantOutlined MuiIconButton-colorNeutral MuiIconButton-sizeSm css-wcii5g-JoyIconButton-root"
        data-screenshot="toggle-mode"
        type="button"
      >
        <svg
          aria-hidden="true"
          class="MuiSvgIcon-root MuiSvgIcon-fontSizeMedium css-15mrjvf-MuiSvgIcon-root"
          data-testid="DarkModeRoundedIcon"
          focusable="false"
          viewBox="0 0 24 24"
        >
          <path
            d="M11.01 3.05C6.51 3.54 3 7.36 3 12c0 4.97 4.03 9 9 9 4.63 0 8.45-3.5 8.95-8 .09-.79-.78-1.42-1.54-.95-.84.54-1.84.85-2.91.85-2.98 0-5.4-2.42-5.4-5.4 0-1.06.31-2.06.84-2.89.45-.67-.04-1.63-.93-1.56"
          />
        </svg>
        <svg
          aria-hidden="true"
          class="MuiSvgIcon-root MuiSvgIcon-fontSizeMedium css-15mrjvf-MuiSvgIcon-root"
          data-testid="LightModeIcon"
          focusable="false"
          viewBox="0 0 24 24"
        >
          <path
            d="M12 7c-2.76 0-5 2.24-5 5s2.24 5 5 5 5-2.24 5-5-2.24-5-5-5M2 13h2c.55 0 1-.45 1-1s-.45-1-1-1H2c-.55 0-1 .45-1 1s.45 1 1 1m18 0h2c.55 0 1-.45 1-1s-.45-1-1-1h-2c-.55 0-1 .45-1 1s.45 1 1 1M11 2v2c0 .55.45 1 1 1s1-.45 1-1V2c0-.55-.45-1-1-1s-1 .45-1 1m0 18v2c0 .55.45 1 1 1s1-.45 1-1v-2c0-.55-.45-1-1-1s-1 .45-1 1M5.99 4.58c-.39-.39-1.03-.39-1.41 0-.39.39-.39 1.03 0 1.41l1.06 1.06c.39.39 1.03.39 1.41 0s.39-1.03 0-1.41zm12.37 12.37c-.39-.39-1.03-.39-1.41 0-.39.39-.39 1.03 0 1.41l1.06 1.06c.39.39 1.03.39 1.41 0 .39-.39.39-1.03 0-1.41zm1.06-10.96c.39-.39.39-1.03 0-1.41-.39-.39-1.03-.39-1.41 0l-1.06 1.06c-.39.39-.39 1.03 0 1.41s1.03.39 1.41 0zM7.05 18.36c.39-.39.39-1.03 0-1.41-.39-.39-1.03-.39-1.41 0l-1.06 1.06c-.39.39-.39 1.03 0 1.41s1.03.39 1.41 0z"
          />
        </svg>
      </button>
    </div>
    <hr
      class="MuiDivider-root MuiDivider-horizontal css-1n86vx2-JoyDivider-root"
    />
    <div
      class="MuiBox-root css-an29w6"
    >
      <ul
        class="MuiList-root MuiList-vertical MuiList-variantPlain MuiList-colorNeutral MuiList-sizeSm css-1yzuzoj-JoyList-root"
      >
        <li
          class="MuiListItem-root MuiListItem-colorNeutral MuiListItem-variantPlain css-y25igk-JoyListItem-root"
          data-first-child=""
        >
          <div
            class="MuiListItemButton-root MuiListItemButton-colorNeutral MuiListItemButton-variantPlain css-1xphdof-JoyListItemButton-root"
            data-first-child=""
            role="button"
            tabindex="0"
          >
            <svg
              aria-hidden="true"
              class="MuiSvgIcon-root MuiSvgIcon-fontSizeMedium css-15mrjvf-MuiSvgIcon-root"
              data-testid="HomeRoundedIcon"
              focusable="false"
              viewBox="0 0 24 24"
            >
              <path
                d="M10 19v-5h4v5c0 .55.45 1 1 1h3c.55 0 1-.45 1-1v-7h1.7c.46 0 .68-.57.33-.87L12.67 3.6c-.38-.34-.96-.34-1.34 0l-8.36 7.53c-.34.3-.13.87.33.87H5v7c0 .55.45 1 1 1h3c.55 0 1-.45 1-1"
              />
            </svg>
            <div
              class="MuiListItemContent-root css-1adno9d-JoyListItemContent-root"
            >
              <p
                class="MuiTypography-root MuiTypography-title-sm css-1q6xxoq-JoyTypography-root"
              >
                Home
              </p>
            </div>
          </div>
        </li>
        <li
          class="MuiListItem-root MuiListItem-colorNeutral MuiListItem-variantPlain css-cl8xxo-JoyListItem-root"
        >
          <div
            class="MuiListItemButton-root MuiListItemButton-colorNeutral MuiListItemButton-variantPlain css-1xphdof-JoyListItemButton-root"
            data-first-child=""
            role="button"
            tabindex="0"
          >
            <svg
              aria-hidden="true"
              class="MuiSvgIcon-root MuiSvgIcon-fontSizeMedium css-15mrjvf-MuiSvgIcon-root"
              data-testid="AddRoundedIcon"
              focusable="false"
              viewBox="0 0 24 24"
            >
              <path
                d="M18 13h-5v5c0 .55-.45 1-1 1s-1-.45-1-1v-5H6c-.55 0-1-.45-1-1s.45-1 1-1h5V6c0-.55.45-1 1-1s1 .45 1 1v5h5c.55 0 1 .45 1 1s-.45 1-1 1"
              />
            </svg>
            <div
              class="MuiListItemContent-root css-1adno9d-JoyListItemContent-root"
            >
              <p
                class="MuiTypography-root MuiTypography-title-sm css-1q6xxoq-JoyTypography-root"
              >
                Create Post
              </p>
            </div>
          </div>
        </li>
        <li
          class="MuiListItem-root MuiListItem-nested MuiListItem-colorNeutral MuiListItem-variantPlain css-doe3wa-JoyListItem-root"
          data-last-child=""
        >
          <div
            class="MuiListItemButton-root MuiListItemButton-colorNeutral MuiListItemButton-variantPlain css-10xtomd-JoyListItemButton-root"
            role="button"
            tabindex="0"
          >
            <svg
              aria-hidden="true"
              class="MuiSvgIcon-root MuiSvgIcon-fontSizeMedium css-15mrjvf-MuiSvgIcon-root"
              data-testid="GroupRoundedIcon"
              focusable="false"
              viewBox="0 0 24 24"
            >
              <path
                d="M16 11c1.66 0 2.99-1.34 2.99-3S17.66 5 16 5s-3 1.34-3 3 1.34 3 3 3m-8 0c1.66 0 2.99-1.34 2.99-3S9.66 5 8 5 5 6.34 5 8s1.34 3 3 3m0 2c-2.33 0-7 1.17-7 3.5V18c0 .55.45 1 1 1h12c.55 0 1-.45 1-1v-1.5c0-2.33-4.67-3.5-7-3.5m8 0c-.29 0-.62.02-.97.05.02.01.03.03.04.04 1.14.83 1.93 1.94 1.93 3.41V18c0 .35-.07.69-.18 1H22c.55 0 1-.45 1-1v-1.5c0-2.33-4.67-3.5-7-3.5"
              />
            </svg>
            <div
              class="MuiListItemContent-root css-1adno9d-JoyListItemContent-root"
            >
              <p
                class="MuiTypography-root MuiTypography-title-sm css-1q6xxoq-JoyTypography-root"
              >
                Users
              </p>
            </div>
            <svg
              aria-hidden="true"
              class="MuiSvgIcon-root MuiSvgIcon-fontSizeMedium css-1mixwf2-MuiSvgIcon-root"
              data-testid="KeyboardArrowDownIcon"
              focusable="false"
              viewBox="0 0 24 24"
            >
              <path
                d="M7.41 8.59 12 13.17l4.59-4.58L18 10l-6 6-6-6z"
              />
            </svg>
          </div>
          <div
            class="MuiBox-root css-5e5559"
          >
            <ul
              class="MuiList-root MuiList-vertical MuiList-variantPlain MuiList-colorNeutral MuiList-nesting css-1jdlr5h-JoyList-root"
            >
              <li
                class="MuiListItem-root MuiListItem-nesting MuiListItem-colorNeutral MuiListItem-variantPlain css-719v9z-JoyListItem-root"
                data-first-child=""
              >
                <div
                  class="MuiListItemButton-root MuiListItemButton-colorNeutral MuiListItemButton-variantPlain css-1xphdof-JoyListItemButton-root"
                  data-first-child=""
                  role="button"
                  tabindex="0"
                >
                  All
                </div>
              </li>
              <li
                class="MuiListItem-root MuiListItem-nesting MuiListItem-colorNeutral MuiListItem-variantPlain css-cl8xxo-JoyListItem-root"
                data-last-child=""
              >
                <div
                  class="MuiListItemButton-root MuiListItemButton-colorNeutral MuiListItemButton-variantPlain css-1xphdof-JoyListItemButton-root"
                  data-first-child=""
                  role="button"
                  tabindex="0"
                >
                  Following
                </div>
              </li>
            </ul>
          </div>
        </li>
      </ul>
    </div>
    <hr
      class="MuiDivider-root MuiDivider-horizontal css-1n86vx2-JoyDivider-root"
    />
    <div
      class="MuiBox-root css-sjgw8k"
    >
      <div
        class="MuiAvatar-root MuiAvatar-variantOutlined MuiAvatar-colorNeutral MuiAvatar-sizeSm css-1qb4mhu-JoyAvatar-root"
      >
        <svg
          aria-hidden="true"
          class="MuiSvgIcon-root MuiSvgIcon-sizeMd MuiAvatar-fallback css-2b7dmi-JoySvgIcon-root-JoyAvatar-fallback"
          data-testid="PersonIcon"
          focusable="false"
          viewBox="0 0 24 24"
        >
          <path
            d="M12 12c2.21 0 4-1.79 4-4s-1.79-4-4-4-4 1.79-4 4 1.79 4 4 4zm0 2c-2.67 0-8 1.34-8 4v2h16v-2c0-2.66-5.33-4-8-4z"
          />
        </svg>
      </div>
      <div
        class="MuiBox-root css-1xhmi63"
      >
        <p
          class="MuiTypography-root MuiTypography-title-sm css-1q6xxoq-JoyTypography-root"
        >
          null null
        </p>
        <span
          class="MuiTypography-root MuiTypography-body-xs css-h7h2qx-JoyTypography-root"
        />
      </div>
      <button
        class="MuiIconButton-root MuiIconButton-variantPlain MuiIconButton-colorNeutral MuiIconButton-sizeSm css-1ak5rn2-JoyIconButton-root"
        title="Logout"
        type="button"
      >
        <svg
          aria-hidden="true"
          class="MuiSvgIcon-root MuiSvgIcon-fontSizeMedium css-15mrjvf-MuiSvgIcon-root"
          data-testid="LogoutRoundedIcon"
          focusable="false"
          viewBox="0 0 24 24"
        >
          <path
            d="M5 5h6c.55 0 1-.45 1-1s-.45-1-1-1H5c-1.1 0-2 .9-2 2v14c0 1.1.9 2 2 2h6c.55 0 1-.45 1-1s-.45-1-1-1H5z"
          />
          <path
            d="m20.65 11.65-2.79-2.79c-.32-.32-.86-.1-.86.35V11h-7c-.55 0-1 .45-1 1s.45 1 1 1h7v1.79c0 .45.54.67.85.35l2.79-2.79c.2-.19.2-.51.01-.7"
          />
        </svg>
      </button>
    </div>
  </div>
</div>
`;
